
<foo>...</foo>

<foo>...</foo>

<a><b>...</b></a>
